
───────────────────────────────────────────────────────
  Stage 5A — (a·b) mod 53（离散对数 Fourier 指标）
  进度: 1/30 已完成，29 待运行
  输出: C:\Users\ASUS\Desktop\文件\学术\7841\base\runs\stage5_mul_dlog\results_stage5_mul_dlog.csv
───────────────────────────────────────────────────────
  [run] wd=1.2000 seed=42 ... done [641s]
           phase=Grokking  ordering=G<F  tau_gen=20500.0  tau_F=30000.0  delta=9500.0  max_test=0.998  t=638s
  [run] wd=1.2000 seed=7 ... done [662s]
           phase=Grokking  ordering=G<F  tau_gen=23500.0  tau_F=30500.0  delta=7000.0  max_test=1.000  t=660s
  [run] wd=1.2000 seed=2025 ... done [676s]
           phase=Grokking  ordering=G<F  tau_gen=35500.0  tau_F=42000.0  delta=6500.0  max_test=0.999  t=674s
  [run] wd=1.3516 seed=42 ... done [552s]
           phase=Grokking  ordering=G<F  tau_gen=14000.0  tau_F=25500.0  delta=11500.0  max_test=0.999  t=550s
  [run] wd=1.3516 seed=7 ... done [550s]
           phase=Grokking  ordering=G<F  tau_gen=21000.0  tau_F=27000.0  delta=6000.0  max_test=1.000  t=548s
  [run] wd=1.3516 seed=2025 ... done [547s]
           phase=Grokking  ordering=G<F  tau_gen=29500.0  tau_F=34000.0  delta=4500.0  max_test=1.000  t=545s
  [run] wd=1.5223 seed=42 ... done [562s]
           phase=Grokking  ordering=G<F  tau_gen=22500.0  tau_F=38000.0  delta=15500.0  max_test=1.000  t=559s
  [run] wd=1.5223 seed=7 ... done [646s]
           phase=Grokking  ordering=G<F  tau_gen=14000.0  tau_F=25000.0  delta=11000.0  max_test=1.000  t=644s
  [run] wd=1.5223 seed=2025 ... done [587s]
           phase=Grokking  ordering=G<F  tau_gen=16500.0  tau_F=31500.0  delta=15000.0  max_test=1.000  t=584s
  [run] wd=1.7145 seed=42 ... done [591s]
           phase=Grokking  ordering=G<F  tau_gen=13500.0  tau_F=37500.0  delta=24000.0  max_test=1.000  t=588s
  [run] wd=1.7145 seed=7 ... done [675s]
           phase=Grokking  ordering=G<F  tau_gen=7500.0  tau_F=19500.0  delta=12000.0  max_test=1.000  t=673s
  [run] wd=1.7145 seed=2025 ... done [727s]
           phase=Grokking  ordering=G<F  tau_gen=18000.0  tau_F=34500.0  delta=16500.0  max_test=1.000  t=724s
  [run] wd=1.9311 seed=42 ... done [657s]
           phase=Grokking  ordering=G<F  tau_gen=17500.0  tau_F=23500.0  delta=6000.0  max_test=1.000  t=655s
  [run] wd=1.9311 seed=7 ... done [600s]
           phase=Grokking  ordering=G<F  tau_gen=16500.0  tau_F=25000.0  delta=8500.0  max_test=1.000  t=597s
  [run] wd=1.9311 seed=2025 ... done [559s]
           phase=Grokking  ordering=G<F  tau_gen=20000.0  tau_F=35000.0  delta=15000.0  max_test=1.000  t=557s
  [run] wd=2.1750 seed=7 ... done [550s]
           phase=Grokking  ordering=G<F  tau_gen=10500.0  tau_F=16000.0  delta=5500.0  max_test=1.000  t=548s
  [run] wd=2.1750 seed=2025 ... done [600s]
           phase=Grokking  ordering=G<F  tau_gen=20000.0  tau_F=35000.0  delta=15000.0  max_test=1.000  t=598s
  [run] wd=2.4497 seed=42 ... done [673s]
           phase=Grokking  ordering=G<F  tau_gen=8500.0  tau_F=14000.0  delta=5500.0  max_test=1.000  t=670s
  [run] wd=2.4497 seed=7 ... done [620s]
           phase=Grokking  ordering=G<F  tau_gen=8500.0  tau_F=16000.0  delta=7500.0  max_test=1.000  t=618s
  [run] wd=2.4497 seed=2025 ... done [678s]
           phase=Grokking  ordering=G<F  tau_gen=22500.0  tau_F=33000.0  delta=10500.0  max_test=1.000  t=676s
  [run] wd=2.7591 seed=42 ... done [662s]
           phase=Grokking  ordering=G<F  tau_gen=12000.0  tau_F=17500.0  delta=5500.0  max_test=1.000  t=659s
  [run] wd=2.7591 seed=7 ... done [622s]
           phase=Grokking  ordering=G<F  tau_gen=9000.0  tau_F=14000.0  delta=5000.0  max_test=1.000  t=620s
  [run] wd=2.7591 seed=2025 ... done [646s]
           phase=Grokking  ordering=G<F  tau_gen=21000.0  tau_F=26500.0  delta=5500.0  max_test=1.000  t=644s
  [run] wd=3.1075 seed=42 ... done [565s]
           phase=Grokking  ordering=G<F  tau_gen=16000.0  tau_F=25000.0  delta=9000.0  max_test=1.000  t=563s
  [run] wd=3.1075 seed=7 ... done [671s]
           phase=Grokking  ordering=G<F  tau_gen=11000.0  tau_F=14500.0  delta=3500.0  max_test=1.000  t=668s
  [run] wd=3.1075 seed=2025 ... done [675s]
           phase=Grokking  ordering=G<F  tau_gen=12500.0  tau_F=25500.0  delta=13000.0  max_test=1.000  t=672s
  [run] wd=3.5000 seed=42 ... done [571s]
           phase=Grokking  ordering=G<F  tau_gen=14000.0  tau_F=23500.0  delta=9500.0  max_test=1.000  t=569s
  [run] wd=3.5000 seed=7 ... done [560s]
           phase=Grokking  ordering=G<F  tau_gen=12000.0  tau_F=23500.0  delta=11500.0  max_test=1.000  t=558s
  [run] wd=3.5000 seed=2025 ... done [587s]
           phase=Grokking  ordering=G<F  tau_gen=18000.0  tau_F=24500.0  delta=6500.0  max_test=1.000  t=585s

=======================================================
  Stage 5A — (a·b) mod 53（离散对数 Fourier 指标） 汇总
  总 runs: 30  Grokking: 30
  G<F: 30  F<G: 0  coincident: 0  F_only: 0  G_only: 0
  G<F 比例: 30/30 = 100.0%
  中位数 Δτ: 8,750 步
=======================================================


───────────────────────────────────────────────────────
  Stage 5B — (a+b) mod 97（不同质数）
  进度: 0/30 已完成，30 待运行
  输出: C:\Users\ASUS\Desktop\文件\学术\7841\base\runs\stage5_p97\results_stage5_p97.csv
───────────────────────────────────────────────────────
  [run] wd=1.2000 seed=42 ... done [2472s]
           phase=Grokking  ordering=G<F  tau_gen=4500.0  tau_F=22500.0  delta=18000.0  max_test=1.000  t=2470s
  [run] wd=1.2000 seed=7 ... done [2148s]
           phase=Grokking  ordering=G<F  tau_gen=4000.0  tau_F=41500.0  delta=37500.0  max_test=1.000  t=2147s
  [run] wd=1.2000 seed=2025 ... done [2146s]
           phase=Grokking  ordering=G<F  tau_gen=4500.0  tau_F=46500.0  delta=42000.0  max_test=1.000  t=2144s
  [run] wd=1.3516 seed=42 ... FAILED (exit 1073807364)
C:\Users\ASUS\Desktop\文件\学术\7841\base\.venv\Lib\site-packages\torch\nn\modules\transformer.py:379: UserWarning: enable_nested_tensor is True, but self.use_nested_tensor is False because encoder_layer.norm_first was True
  warnings.warn(

  [run] wd=1.3516 seed=7 ... FAILED (exit 3221226091)
(no stderr)
  [run] wd=1.3516 seed=2025 ... FAILED (exit 3221226091)
(no stderr)
  [run] wd=1.5223 seed=42 ... FAILED (exit 3221226091)
(no stderr)
  [run] wd=1.5223 seed=7 ... 